// Vitest Snapshot v1, https://vitest.dev/guide/snapshot.html

exports[`UsersService test > should match snapshot 1`] = `Promise {}`;
